// Jest Snapshot v1, https://goo.gl/fbAQLP

exports[`Test snapshot 1`] = `
<Fragment>
  <Flex
    direction={
      Object {
        "default": "column",
      }
    }
    flexWrap={
      Object {
        "default": "nowrap",
      }
    }
    spaceItems={
      Object {
        "default": "spaceItemsNone",
      }
    }
    style={
      Object {
        "height": "100%",
      }
    }
  >
    <FlexItem
      grow={
        Object {
          "default": "grow",
        }
      }
      style={
        Object {
          "minHeight": 0,
        }
      }
    >
      <Page
        defaultManagedSidebarIsOpen={true}
        header={<HeaderApp />}
        isBreadcrumbWidthLimited={false}
        isManagedSidebar={true}
        isNotificationDrawerExpanded={false}
        mainContainerId="main-content-page-layout-horizontal-nav"
        mainTabIndex={-1}
        onNotificationDrawerExpand={[Function]}
        onPageResize={[Function]}
        sidebar={<SidebarApp />}
        skipToContent={
          <SkipToContent
            href="#main-content-page-layout-horizontal-nav"
            show={false}
          >
            Skip to content
          </SkipToContent>
        }
      />
    </FlexItem>
  </Flex>
</Fragment>
`;
