// Jest Snapshot v1, https://goo.gl/fbAQLP

exports[`FilterToolbarItem should render correctly 1`] = `
<FilterToolbarItem
  onFilterChange={[MockFunction]}
  placeholder="Foo"
>
  <ForwardRef>
    <ToolbarGroupWithRef
      innerRef={null}
    >
      <div
        className="pf-c-toolbar__group"
      >
        <ToolbarItem>
          <div
            className="pf-c-toolbar__item"
          >
            <div
              className="toolbar-filter-input-group"
            >
              <TextInput
                aria-label="Foo"
                onChange={[MockFunction]}
                placeholder="Foo"
                type="text"
              >
                <TextInputBase
                  aria-label="Foo"
                  className=""
                  innerRef={null}
                  isDisabled={false}
                  isLeftTruncated={false}
                  isReadOnly={false}
                  isRequired={false}
                  onChange={[MockFunction]}
                  ouiaSafe={true}
                  placeholder="Foo"
                  type="text"
                  validated="default"
                >
                  <input
                    aria-invalid={false}
                    aria-label="Foo"
                    className="pf-c-form-control"
                    data-ouia-component-id="OUIA-Generated-TextInputBase-1"
                    data-ouia-component-type="PF4/TextInput"
                    data-ouia-safe={true}
                    disabled={false}
                    onBlur={[Function]}
                    onChange={[Function]}
                    onFocus={[Function]}
                    placeholder="Foo"
                    readOnly={false}
                    required={false}
                    type="text"
                  />
                </TextInputBase>
              </TextInput>
              <SearchIcon
                color="currentColor"
                noVerticalAlign={false}
                size="sm"
              >
                <svg
                  aria-hidden={true}
                  aria-labelledby={null}
                  fill="currentColor"
                  height="1em"
                  role="img"
                  style={
                    Object {
                      "verticalAlign": "-0.125em",
                    }
                  }
                  viewBox="0 0 512 512"
                  width="1em"
                >
                  <path
                    d="M505 442.7L405.3 343c-4.5-4.5-10.6-7-17-7H372c27.6-35.3 44-79.7 44-128C416 93.1 322.9 0 208 0S0 93.1 0 208s93.1 208 208 208c48.3 0 92.7-16.4 128-44v16.3c0 6.4 2.5 12.5 7 17l99.7 99.7c9.4 9.4 24.6 9.4 33.9 0l28.3-28.3c9.4-9.4 9.4-24.6.1-34zM208 336c-70.7 0-128-57.2-128-128 0-70.7 57.2-128 128-128 70.7 0 128 57.2 128 128 0 70.7-57.2 128-128 128z"
                  />
                </svg>
              </SearchIcon>
            </div>
          </div>
        </ToolbarItem>
      </div>
    </ToolbarGroupWithRef>
  </ForwardRef>
</FilterToolbarItem>
`;
