// Jest Snapshot v1, https://goo.gl/fbAQLP

exports[`FetchTable Renders without crashing 1`] = `
<Fragment>
  <Table
    aria-label="Table"
    borders={true}
    canCollapseAll={true}
    canSelectAll={true}
    canSortFavorites={true}
    cells={
      Array [
        Object {
          "title": "Col1",
          "transforms": Array [
            [Function],
          ],
        },
        Object {
          "title": "Col2",
        },
        Object {
          "title": "Col3",
        },
      ]
    }
    className=""
    collapseAllAriaLabel=""
    contentId="expanded-content"
    dropdownDirection="down"
    dropdownPosition="right"
    expandId="expandable-toggle"
    gridBreakPoint="grid-md"
    isHeaderSelectDisabled={false}
    isNested={false}
    isStickyHeader={false}
    isTreeTable={false}
    onSort={[Function]}
    ouiaSafe={true}
    role="grid"
    rowLabeledBy="simple-node"
    selectVariant="checkbox"
    sortBy={Object {}}
    variant={null}
  >
    <TableHeader />
    <TableBody />
  </Table>
</Fragment>
`;
