// Jest Snapshot v1, https://goo.gl/fbAQLP

exports[`Test snapshot 1`] = `
<PageHeader
  className="header-app__component"
  headerTools={
    <PageHeaderTools>
      <PageHeaderToolsGroup
        visibility={
          Object {
            "2xl": "visible",
            "default": "hidden",
            "lg": "visible",
            "md": "hidden",
            "sm": "hidden",
            "xl": "visible",
          }
        }
      >
        <PageHeaderToolsItem>
          <ButtonAboutApp />
        </PageHeaderToolsItem>
      </PageHeaderToolsGroup>
      <PageHeaderToolsGroup>
        <PageHeaderToolsItem
          visibility={
            Object {
              "lg": "hidden",
            }
          }
        >
          <Dropdown
            dropdownItems={
              Array [
                <DropdownItem
                  component="button"
                  onClick={[Function]}
                >
                  <UserCircleIcon
                    color="currentColor"
                    noVerticalAlign={false}
                    size="sm"
                  />
                   Logout
                </DropdownItem>,
              ]
            }
            isOpen={false}
            isPlain={true}
            onSelect={[Function]}
            position="right"
            toggle={
              <KebabToggle
                onToggle={[Function]}
              />
            }
          />
        </PageHeaderToolsItem>
      </PageHeaderToolsGroup>
      <Avatar
        alt="Avatar image"
        src="avatar.svg"
      />
    </PageHeaderTools>
  }
  logo={
    <Brand
      alt="brand"
      src="tackle.png"
    />
  }
  showNavToggle={true}
/>
`;
